Warning: You are sending unauthenticated requests to the HF Hub. Please set a HF_TOKEN to enable higher rate limits and faster downloads.
============================================================
GAMETRAINER — M3: Add the Eyes (pixels-only GridWorld)
============================================================

Contract check: OK — reset() -> 2-tuple, step() -> 5-tuple, obs in space

Measuring live random baseline over 50 episodes...
  Live random baseline: +0.04 reward/episode

The M3 finish line (all three required to PASS):
  1. Trained reward >= +0.44  (live baseline +0.04  +  0.40 margin)
  2. Reaches the goal in >= 80% of 20 greedy episodes
  3. reset() -> 2-tuple and step() -> 5-tuple, unchanged from M2

Training PPO on pixels for 20,000 timesteps...
Using cpu device
Wrapping the env in a VecTransposeImage.

============================================================
VISION TRANSFORMER FEATURE EXTRACTOR
============================================================
  Model: vit_tiny_patch16_224
  Pretrained: True
  Output features: 192
  Backbone frozen: True
  Total parameters: 5,524,416
  Trainable parameters: 0 (backbone frozen)
============================================================

---------------------------------
| rollout/           |          |
|    ep_len_mean     | 54.6     |
|    ep_rew_mean     | 0.352    |
| time/              |          |
|    fps             | 73       |
|    iterations      | 1        |
|    time_elapsed    | 6        |
|    total_timesteps | 512      |
---------------------------------
-----------------------------------------
| rollout/                |             |
|    ep_len_mean          | 49.5        |
|    ep_rew_mean          | 0.464       |
| time/                   |             |
|    fps                  | 34          |
|    iterations           | 2           |
|    time_elapsed         | 29          |
|    total_timesteps      | 1024        |
| train/                  |             |
|    approx_kl            | 0.018802915 |
|    clip_fraction        | 0.128       |
|    clip_range           | 0.2         |
|    entropy_loss         | -1.38       |
|    explained_variance   | -0.0826     |
|    learning_rate        | 0.0003      |
|    loss                 | 0.0649      |
|    n_updates            | 4           |
|    policy_gradient_loss | -0.0173     |
|    value_loss           | 0.223       |
-----------------------------------------
-----------------------------------------
| rollout/                |             |
|    ep_len_mean          | 37.9        |
|    ep_rew_mean          | 0.606       |
| time/                   |             |
|    fps                  | 29          |
|    iterations           | 3           |
|    time_elapsed         | 51          |
|    total_timesteps      | 1536        |
| train/                  |             |
|    approx_kl            | 0.023427067 |
|    clip_fraction        | 0.192       |
|    clip_range           | 0.2         |
|    entropy_loss         | -1.34       |
|    explained_variance   | 0.0716      |
|    learning_rate        | 0.0003      |
|    loss                 | 0.0534      |
|    n_updates            | 8           |
|    policy_gradient_loss | -0.0176     |
|    value_loss           | 0.142       |
-----------------------------------------
----------------------------------------
| rollout/                |            |
|    ep_len_mean          | 28.8       |
|    ep_rew_mean          | 0.708      |
| time/                   |            |
|    fps                  | 27         |
|    iterations           | 4          |
|    time_elapsed         | 73         |
|    total_timesteps      | 2048       |
| train/                  |            |
|    approx_kl            | 0.02091075 |
|    clip_fraction        | 0.2        |
|    clip_range           | 0.2        |
|    entropy_loss         | -1.26      |
|    explained_variance   | 0.31       |
|    learning_rate        | 0.0003     |
|    loss                 | -0.0178    |
|    n_updates            | 12         |
|    policy_gradient_loss | -0.0263    |
|    value_loss           | 0.0668     |
----------------------------------------
-----------------------------------------
| rollout/                |             |
|    ep_len_mean          | 21.1        |
|    ep_rew_mean          | 0.799       |
| time/                   |             |
|    fps                  | 26          |
|    iterations           | 5           |
|    time_elapsed         | 95          |
|    total_timesteps      | 2560        |
| train/                  |             |
|    approx_kl            | 0.020342853 |
|    clip_fraction        | 0.108       |
|    clip_range           | 0.2         |
|    entropy_loss         | -1.15       |
|    explained_variance   | 0.443       |
|    learning_rate        | 0.0003      |
|    loss                 | -0.0345     |
|    n_updates            | 16          |
|    policy_gradient_loss | -0.0227     |
|    value_loss           | 0.0258      |
-----------------------------------------
-----------------------------------------
| rollout/                |             |
|    ep_len_mean          | 14.1        |
|    ep_rew_mean          | 0.869       |
| time/                   |             |
|    fps                  | 26          |
|    iterations           | 6           |
|    time_elapsed         | 117         |
|    total_timesteps      | 3072        |
| train/                  |             |
|    approx_kl            | 0.012606385 |
|    clip_fraction        | 0.0723      |
|    clip_range           | 0.2         |
|    entropy_loss         | -1.03       |
|    explained_variance   | 0.462       |
|    learning_rate        | 0.0003      |
|    loss                 | -0.0101     |
|    n_updates            | 20          |
|    policy_gradient_loss | -0.0152     |
|    value_loss           | 0.0103      |
-----------------------------------------
-----------------------------------------
| rollout/                |             |
|    ep_len_mean          | 13.3        |
|    ep_rew_mean          | 0.877       |
| time/                   |             |
|    fps                  | 25          |
|    iterations           | 7           |
|    time_elapsed         | 140         |
|    total_timesteps      | 3584        |
| train/                  |             |
|    approx_kl            | 0.029286303 |
|    clip_fraction        | 0.257       |
|    clip_range           | 0.2         |
|    entropy_loss         | -0.952      |
|    explained_variance   | 0.503       |
|    learning_rate        | 0.0003      |
|    loss                 | 0.000738    |
|    n_updates            | 24          |
|    policy_gradient_loss | -0.0228     |
|    value_loss           | 0.00564     |
-----------------------------------------
-----------------------------------------
| rollout/                |             |
|    ep_len_mean          | 12          |
|    ep_rew_mean          | 0.89        |
| time/                   |             |
|    fps                  | 24          |
|    iterations           | 8           |
|    time_elapsed         | 168         |
|    total_timesteps      | 4096        |
| train/                  |             |
|    approx_kl            | 0.017490886 |
|    clip_fraction        | 0.388       |
|    clip_range           | 0.2         |
|    entropy_loss         | -0.906      |
|    explained_variance   | 0.305       |
|    learning_rate        | 0.0003      |
|    loss                 | -0.0268     |
|    n_updates            | 28          |
|    policy_gradient_loss | -0.0293     |
|    value_loss           | 0.00564     |
-----------------------------------------
-----------------------------------------
| rollout/                |             |
|    ep_len_mean          | 11.8        |
|    ep_rew_mean          | 0.892       |
| time/                   |             |
|    fps                  | 23          |
|    iterations           | 9           |
|    time_elapsed         | 199         |
|    total_timesteps      | 4608        |
| train/                  |             |
|    approx_kl            | 0.024912708 |
|    clip_fraction        | 0.239       |
|    clip_range           | 0.2         |
|    entropy_loss         | -0.856      |
|    explained_variance   | 0.582       |
|    learning_rate        | 0.0003      |
|    loss                 | -0.0309     |
|    n_updates            | 32          |
|    policy_gradient_loss | -0.0175     |
|    value_loss           | 0.00317     |
-----------------------------------------
----------------------------------------
| rollout/                |            |
|    ep_len_mean          | 11.1       |
|    ep_rew_mean          | 0.899      |
| time/                   |            |
|    fps                  | 22         |
|    iterations           | 10         |
|    time_elapsed         | 231        |
|    total_timesteps      | 5120       |
| train/                  |            |
|    approx_kl            | 0.01289146 |
|    clip_fraction        | 0.13       |
|    clip_range           | 0.2        |
|    entropy_loss         | -0.818     |
|    explained_variance   | 0.585      |
|    learning_rate        | 0.0003     |
|    loss                 | 0.00917    |
|    n_updates            | 36         |
|    policy_gradient_loss | -0.0103    |
|    value_loss           | 0.00223    |
----------------------------------------
-----------------------------------------
| rollout/                |             |
|    ep_len_mean          | 10.8        |
|    ep_rew_mean          | 0.902       |
| time/                   |             |
|    fps                  | 21          |
|    iterations           | 11          |
|    time_elapsed         | 264         |
|    total_timesteps      | 5632        |
| train/                  |             |
|    approx_kl            | 0.023499778 |
|    clip_fraction        | 0.197       |
|    clip_range           | 0.2         |
|    entropy_loss         | -0.781      |
|    explained_variance   | 0.645       |
|    learning_rate        | 0.0003      |
|    loss                 | 0.012       |
|    n_updates            | 40          |
|    policy_gradient_loss | -0.0118     |
|    value_loss           | 0.00168     |
-----------------------------------------
-----------------------------------------
| rollout/                |             |
|    ep_len_mean          | 10.4        |
|    ep_rew_mean          | 0.906       |
| time/                   |             |
|    fps                  | 20          |
|    iterations           | 12          |
|    time_elapsed         | 296         |
|    total_timesteps      | 6144        |
| train/                  |             |
|    approx_kl            | 0.020922478 |
|    clip_fraction        | 0.428       |
|    clip_range           | 0.2         |
|    entropy_loss         | -0.766      |
|    explained_variance   | 0.529       |
|    learning_rate        | 0.0003      |
|    loss                 | -0.0539     |
|    n_updates            | 44          |
|    policy_gradient_loss | -0.0304     |
|    value_loss           | 0.00226     |
-----------------------------------------
----------------------------------------
| rollout/                |            |
|    ep_len_mean          | 10.5       |
|    ep_rew_mean          | 0.905      |
| time/                   |            |
|    fps                  | 20         |
|    iterations           | 13         |
|    time_elapsed         | 327        |
|    total_timesteps      | 6656       |
| train/                  |            |
|    approx_kl            | 0.01831507 |
|    clip_fraction        | 0.172      |
|    clip_range           | 0.2        |
|    entropy_loss         | -0.746     |
|    explained_variance   | 0.693      |
|    learning_rate        | 0.0003     |
|    loss                 | 0.0116     |
|    n_updates            | 48         |
|    policy_gradient_loss | -0.0081    |
|    value_loss           | 0.00108    |
----------------------------------------
-----------------------------------------
| rollout/                |             |
|    ep_len_mean          | 10.5        |
|    ep_rew_mean          | 0.905       |
| time/                   |             |
|    fps                  | 20          |
|    iterations           | 14          |
|    time_elapsed         | 355         |
|    total_timesteps      | 7168        |
| train/                  |             |
|    approx_kl            | 0.023954138 |
|    clip_fraction        | 0.402       |
|    clip_range           | 0.2         |
|    entropy_loss         | -0.746      |
|    explained_variance   | 0.495       |
|    learning_rate        | 0.0003      |
|    loss                 | 0.00217     |
|    n_updates            | 52          |
|    policy_gradient_loss | -0.0336     |
|    value_loss           | 0.00259     |
-----------------------------------------
-------------------------------------------
| rollout/                |               |
|    ep_len_mean          | 10.1          |
|    ep_rew_mean          | 0.909         |
| time/                   |               |
|    fps                  | 19            |
|    iterations           | 15            |
|    time_elapsed         | 386           |
|    total_timesteps      | 7680          |
| train/                  |               |
|    approx_kl            | 0.00011354219 |
|    clip_fraction        | 0             |
|    clip_range           | 0.2           |
|    entropy_loss         | -0.746        |
|    explained_variance   | 0.655         |
|    learning_rate        | 0.0003        |
|    loss                 | -0.000681     |
|    n_updates            | 56            |
|    policy_gradient_loss | 0.000519      |
|    value_loss           | 0.00145       |
-------------------------------------------
-----------------------------------------
| rollout/                |             |
|    ep_len_mean          | 10.4        |
|    ep_rew_mean          | 0.906       |
| time/                   |             |
|    fps                  | 19          |
|    iterations           | 16          |
|    time_elapsed         | 415         |
|    total_timesteps      | 8192        |
| train/                  |             |
|    approx_kl            | 0.022597391 |
|    clip_fraction        | 0.271       |
|    clip_range           | 0.2         |
|    entropy_loss         | -0.736      |
|    explained_variance   | 0.642       |
|    learning_rate        | 0.0003      |
|    loss                 | -0.003      |
|    n_updates            | 60          |
|    policy_gradient_loss | -0.0159     |
|    value_loss           | 0.0015      |
-----------------------------------------
----------------------------------------
| rollout/                |            |
|    ep_len_mean          | 10.3       |
|    ep_rew_mean          | 0.907      |
| time/                   |            |
|    fps                  | 19         |
|    iterations           | 17         |
|    time_elapsed         | 444        |
|    total_timesteps      | 8704       |
| train/                  |            |
|    approx_kl            | 0.01733017 |
|    clip_fraction        | 0.175      |
|    clip_range           | 0.2        |
|    entropy_loss         | -0.733     |
|    explained_variance   | 0.617      |
|    learning_rate        | 0.0003     |
|    loss                 | -0.0237    |
|    n_updates            | 64         |
|    policy_gradient_loss | -0.0135    |
|    value_loss           | 0.00176    |
----------------------------------------
-----------------------------------------
| rollout/                |             |
|    ep_len_mean          | 10.5        |
|    ep_rew_mean          | 0.905       |
| time/                   |             |
|    fps                  | 19          |
|    iterations           | 18          |
|    time_elapsed         | 477         |
|    total_timesteps      | 9216        |
| train/                  |             |
|    approx_kl            | 0.019417353 |
|    clip_fraction        | 0.228       |
|    clip_range           | 0.2         |
|    entropy_loss         | -0.723      |
|    explained_variance   | 0.668       |
|    learning_rate        | 0.0003      |
|    loss                 | -0.00587    |
|    n_updates            | 68          |
|    policy_gradient_loss | -0.0141     |
|    value_loss           | 0.00126     |
-----------------------------------------
-----------------------------------------
| rollout/                |             |
|    ep_len_mean          | 10.7        |
|    ep_rew_mean          | 0.903       |
| time/                   |             |
|    fps                  | 19          |
|    iterations           | 19          |
|    time_elapsed         | 506         |
|    total_timesteps      | 9728        |
| train/                  |             |
|    approx_kl            | 0.021175642 |
|    clip_fraction        | 0.218       |
|    clip_range           | 0.2         |
|    entropy_loss         | -0.726      |
|    explained_variance   | 0.623       |
|    learning_rate        | 0.0003      |
|    loss                 | -0.059      |
|    n_updates            | 72          |
|    policy_gradient_loss | -0.0247     |
|    value_loss           | 0.00177     |
-----------------------------------------
-------------------------------------------
| rollout/                |               |
|    ep_len_mean          | 10.5          |
|    ep_rew_mean          | 0.905         |
| time/                   |               |
|    fps                  | 19            |
|    iterations           | 20            |
|    time_elapsed         | 535           |
|    total_timesteps      | 10240         |
| train/                  |               |
|    approx_kl            | 0.00012168521 |
|    clip_fraction        | 0             |
|    clip_range           | 0.2           |
|    entropy_loss         | -0.727        |
|    explained_variance   | 0.656         |
|    learning_rate        | 0.0003        |
|    loss                 | -0.0026       |
|    n_updates            | 76            |
|    policy_gradient_loss | 9e-06         |
|    value_loss           | 0.00186       |
-------------------------------------------
-----------------------------------------
| rollout/                |             |
|    ep_len_mean          | 10.4        |
|    ep_rew_mean          | 0.906       |
| time/                   |             |
|    fps                  | 19          |
|    iterations           | 21          |
|    time_elapsed         | 563         |
|    total_timesteps      | 10752       |
| train/                  |             |
|    approx_kl            | 0.025337279 |
|    clip_fraction        | 0.311       |
|    clip_range           | 0.2         |
|    entropy_loss         | -0.712      |
|    explained_variance   | 0.671       |
|    learning_rate        | 0.0003      |
|    loss                 | -0.0112     |
|    n_updates            | 80          |
|    policy_gradient_loss | -0.0116     |
|    value_loss           | 0.00169     |
-----------------------------------------
-----------------------------------------
| rollout/                |             |
|    ep_len_mean          | 10.3        |
|    ep_rew_mean          | 0.907       |
| time/                   |             |
|    fps                  | 18          |
|    iterations           | 22          |
|    time_elapsed         | 599         |
|    total_timesteps      | 11264       |
| train/                  |             |
|    approx_kl            | 0.026130673 |
|    clip_fraction        | 0.339       |
|    clip_range           | 0.2         |
|    entropy_loss         | -0.716      |
|    explained_variance   | 0.602       |
|    learning_rate        | 0.0003      |
|    loss                 | -0.0518     |
|    n_updates            | 84          |
|    policy_gradient_loss | -0.0303     |
|    value_loss           | 0.0017      |
-----------------------------------------
------------------------------------------
| rollout/                |              |
|    ep_len_mean          | 10.5         |
|    ep_rew_mean          | 0.905        |
| time/                   |              |
|    fps                  | 18           |
|    iterations           | 23           |
|    time_elapsed         | 629          |
|    total_timesteps      | 11776        |
| train/                  |              |
|    approx_kl            | 0.0018126654 |
|    clip_fraction        | 0            |
|    clip_range           | 0.2          |
|    entropy_loss         | -0.716       |
|    explained_variance   | 0.634        |
|    learning_rate        | 0.0003       |
|    loss                 | 0.00491      |
|    n_updates            | 88           |
|    policy_gradient_loss | -0.000775    |
|    value_loss           | 0.00156      |
------------------------------------------
-----------------------------------------
| rollout/                |             |
|    ep_len_mean          | 10.6        |
|    ep_rew_mean          | 0.904       |
| time/                   |             |
|    fps                  | 18          |
|    iterations           | 24          |
|    time_elapsed         | 659         |
|    total_timesteps      | 12288       |
| train/                  |             |
|    approx_kl            | 0.022732984 |
|    clip_fraction        | 0.258       |
|    clip_range           | 0.2         |
|    entropy_loss         | -0.707      |
|    explained_variance   | 0.59        |
|    learning_rate        | 0.0003      |
|    loss                 | -0.0257     |
|    n_updates            | 92          |
|    policy_gradient_loss | -0.0111     |
|    value_loss           | 0.00188     |
-----------------------------------------
-----------------------------------------
| rollout/                |             |
|    ep_len_mean          | 10.6        |
|    ep_rew_mean          | 0.904       |
| time/                   |             |
|    fps                  | 18          |
|    iterations           | 25          |
|    time_elapsed         | 688         |
|    total_timesteps      | 12800       |
| train/                  |             |
|    approx_kl            | 0.021945162 |
|    clip_fraction        | 0.463       |
|    clip_range           | 0.2         |
|    entropy_loss         | -0.707      |
|    explained_variance   | 0.55        |
|    learning_rate        | 0.0003      |
|    loss                 | -0.0385     |
|    n_updates            | 96          |
|    policy_gradient_loss | -0.0316     |
|    value_loss           | 0.00188     |
-----------------------------------------
-----------------------------------------
| rollout/                |             |
|    ep_len_mean          | 10.3        |
|    ep_rew_mean          | 0.907       |
| time/                   |             |
|    fps                  | 18          |
|    iterations           | 26          |
|    time_elapsed         | 718         |
|    total_timesteps      | 13312       |
| train/                  |             |
|    approx_kl            | 0.019763019 |
|    clip_fraction        | 0.328       |
|    clip_range           | 0.2         |
|    entropy_loss         | -0.702      |
|    explained_variance   | 0.633       |
|    learning_rate        | 0.0003      |
|    loss                 | 0.0364      |
|    n_updates            | 100         |
|    policy_gradient_loss | -0.0153     |
|    value_loss           | 0.0014      |
-----------------------------------------
-----------------------------------------
| rollout/                |             |
|    ep_len_mean          | 10.2        |
|    ep_rew_mean          | 0.908       |
| time/                   |             |
|    fps                  | 18          |
|    iterations           | 27          |
|    time_elapsed         | 747         |
|    total_timesteps      | 13824       |
| train/                  |             |
|    approx_kl            | 0.021890027 |
|    clip_fraction        | 0.301       |
|    clip_range           | 0.2         |
|    entropy_loss         | -0.706      |
|    explained_variance   | 0.724       |
|    learning_rate        | 0.0003      |
|    loss                 | -0.0466     |
|    n_updates            | 104         |
|    policy_gradient_loss | -0.0254     |
|    value_loss           | 0.00148     |
-----------------------------------------
----------------------------------------
| rollout/                |            |
|    ep_len_mean          | 10.1       |
|    ep_rew_mean          | 0.909      |
| time/                   |            |
|    fps                  | 18         |
|    iterations           | 28         |
|    time_elapsed         | 777        |
|    total_timesteps      | 14336      |
| train/                  |            |
|    approx_kl            | 0.01739702 |
|    clip_fraction        | 0.0591     |
|    clip_range           | 0.2        |
|    entropy_loss         | -0.705     |
|    explained_variance   | 0.711      |
|    learning_rate        | 0.0003     |
|    loss                 | -0.0184    |
|    n_updates            | 108        |
|    policy_gradient_loss | -0.00456   |
|    value_loss           | 0.00101    |
----------------------------------------
-----------------------------------------
| rollout/                |             |
|    ep_len_mean          | 10.3        |
|    ep_rew_mean          | 0.907       |
| time/                   |             |
|    fps                  | 18          |
|    iterations           | 29          |
|    time_elapsed         | 813         |
|    total_timesteps      | 14848       |
| train/                  |             |
|    approx_kl            | 0.026078852 |
|    clip_fraction        | 0.421       |
|    clip_range           | 0.2         |
|    entropy_loss         | -0.703      |
|    explained_variance   | 0.643       |
|    learning_rate        | 0.0003      |
|    loss                 | -0.0427     |
|    n_updates            | 112         |
|    policy_gradient_loss | -0.0293     |
|    value_loss           | 0.0014      |
-----------------------------------------
-----------------------------------------
| rollout/                |             |
|    ep_len_mean          | 10.4        |
|    ep_rew_mean          | 0.906       |
| time/                   |             |
|    fps                  | 18          |
|    iterations           | 30          |
|    time_elapsed         | 846         |
|    total_timesteps      | 15360       |
| train/                  |             |
|    approx_kl            | 0.018371757 |
|    clip_fraction        | 0.354       |
|    clip_range           | 0.2         |
|    entropy_loss         | -0.7        |
|    explained_variance   | 0.654       |
|    learning_rate        | 0.0003      |
|    loss                 | -0.0579     |
|    n_updates            | 116         |
|    policy_gradient_loss | -0.0237     |
|    value_loss           | 0.00133     |
-----------------------------------------
-----------------------------------------
| rollout/                |             |
|    ep_len_mean          | 10.7        |
|    ep_rew_mean          | 0.903       |
| time/                   |             |
|    fps                  | 18          |
|    iterations           | 31          |
|    time_elapsed         | 878         |
|    total_timesteps      | 15872       |
| train/                  |             |
|    approx_kl            | 0.022169126 |
|    clip_fraction        | 0.154       |
|    clip_range           | 0.2         |
|    entropy_loss         | -0.702      |
|    explained_variance   | 0.701       |
|    learning_rate        | 0.0003      |
|    loss                 | -0.00888    |
|    n_updates            | 120         |
|    policy_gradient_loss | -0.0111     |
|    value_loss           | 0.00116     |
-----------------------------------------
-----------------------------------------
| rollout/                |             |
|    ep_len_mean          | 11          |
|    ep_rew_mean          | 0.9         |
| time/                   |             |
|    fps                  | 18          |
|    iterations           | 32          |
|    time_elapsed         | 910         |
|    total_timesteps      | 16384       |
| train/                  |             |
|    approx_kl            | 0.017978754 |
|    clip_fraction        | 0.131       |
|    clip_range           | 0.2         |
|    entropy_loss         | -0.703      |
|    explained_variance   | 0.623       |
|    learning_rate        | 0.0003      |
|    loss                 | -0.00551    |
|    n_updates            | 124         |
|    policy_gradient_loss | -0.00912    |
|    value_loss           | 0.00171     |
-----------------------------------------
-----------------------------------------
| rollout/                |             |
|    ep_len_mean          | 10.3        |
|    ep_rew_mean          | 0.907       |
| time/                   |             |
|    fps                  | 17          |
|    iterations           | 33          |
|    time_elapsed         | 940         |
|    total_timesteps      | 16896       |
| train/                  |             |
|    approx_kl            | 0.019967172 |
|    clip_fraction        | 0.406       |
|    clip_range           | 0.2         |
|    entropy_loss         | -0.697      |
|    explained_variance   | 0.566       |
|    learning_rate        | 0.0003      |
|    loss                 | -0.0398     |
|    n_updates            | 128         |
|    policy_gradient_loss | -0.0385     |
|    value_loss           | 0.00204     |
-----------------------------------------
-----------------------------------------
| rollout/                |             |
|    ep_len_mean          | 9.99        |
|    ep_rew_mean          | 0.91        |
| time/                   |             |
|    fps                  | 17          |
|    iterations           | 34          |
|    time_elapsed         | 968         |
|    total_timesteps      | 17408       |
| train/                  |             |
|    approx_kl            | 0.020732002 |
|    clip_fraction        | 0.13        |
|    clip_range           | 0.2         |
|    entropy_loss         | -0.7        |
|    explained_variance   | 0.72        |
|    learning_rate        | 0.0003      |
|    loss                 | -0.0313     |
|    n_updates            | 132         |
|    policy_gradient_loss | -0.0104     |
|    value_loss           | 0.000956    |
-----------------------------------------
-----------------------------------------
| rollout/                |             |
|    ep_len_mean          | 10.6        |
|    ep_rew_mean          | 0.904       |
| time/                   |             |
|    fps                  | 17          |
|    iterations           | 35          |
|    time_elapsed         | 996         |
|    total_timesteps      | 17920       |
| train/                  |             |
|    approx_kl            | 0.017670158 |
|    clip_fraction        | 0.347       |
|    clip_range           | 0.2         |
|    entropy_loss         | -0.697      |
|    explained_variance   | 0.715       |
|    learning_rate        | 0.0003      |
|    loss                 | -0.0629     |
|    n_updates            | 136         |
|    policy_gradient_loss | -0.0277     |
|    value_loss           | 0.00127     |
-----------------------------------------
----------------------------------------
| rollout/                |            |
|    ep_len_mean          | 11         |
|    ep_rew_mean          | 0.9        |
| time/                   |            |
|    fps                  | 17         |
|    iterations           | 36         |
|    time_elapsed         | 1025       |
|    total_timesteps      | 18432      |
| train/                  |            |
|    approx_kl            | 0.02086594 |
|    clip_fraction        | 0.142      |
|    clip_range           | 0.2        |
|    entropy_loss         | -0.7       |
|    explained_variance   | 0.638      |
|    learning_rate        | 0.0003     |
|    loss                 | 0.00957    |
|    n_updates            | 140        |
|    policy_gradient_loss | -0.00884   |
|    value_loss           | 0.00179    |
----------------------------------------
-----------------------------------------
| rollout/                |             |
|    ep_len_mean          | 10.8        |
|    ep_rew_mean          | 0.902       |
| time/                   |             |
|    fps                  | 17          |
|    iterations           | 37          |
|    time_elapsed         | 1056        |
|    total_timesteps      | 18944       |
| train/                  |             |
|    approx_kl            | 0.017057583 |
|    clip_fraction        | 0.0723      |
|    clip_range           | 0.2         |
|    entropy_loss         | -0.701      |
|    explained_variance   | 0.572       |
|    learning_rate        | 0.0003      |
|    loss                 | 0.0319      |
|    n_updates            | 144         |
|    policy_gradient_loss | -0.00456    |
|    value_loss           | 0.00248     |
-----------------------------------------
---------------------------------------
| rollout/                |           |
|    ep_len_mean          | 10.6      |
|    ep_rew_mean          | 0.904     |
| time/                   |           |
|    fps                  | 17        |
|    iterations           | 38        |
|    time_elapsed         | 1092      |
|    total_timesteps      | 19456     |
| train/                  |           |
|    approx_kl            | 0.0227679 |
|    clip_fraction        | 0.325     |
|    clip_range           | 0.2       |
|    entropy_loss         | -0.698    |
|    explained_variance   | 0.638     |
|    learning_rate        | 0.0003    |
|    loss                 | -0.0197   |
|    n_updates            | 148       |
|    policy_gradient_loss | -0.0239   |
|    value_loss           | 0.00222   |
---------------------------------------
-----------------------------------------
| rollout/                |             |
|    ep_len_mean          | 10.5        |
|    ep_rew_mean          | 0.905       |
| time/                   |             |
|    fps                  | 17          |
|    iterations           | 39          |
|    time_elapsed         | 1118        |
|    total_timesteps      | 19968       |
| train/                  |             |
|    approx_kl            | 0.020442042 |
|    clip_fraction        | 0.374       |
|    clip_range           | 0.2         |
|    entropy_loss         | -0.696      |
|    explained_variance   | 0.665       |
|    learning_rate        | 0.0003      |
|    loss                 | -0.0278     |
|    n_updates            | 152         |
|    policy_gradient_loss | -0.0185     |
|    value_loss           | 0.00133     |
-----------------------------------------
----------------------------------------
| rollout/                |            |
|    ep_len_mean          | 10.7       |
|    ep_rew_mean          | 0.903      |
| time/                   |            |
|    fps                  | 17         |
|    iterations           | 40         |
|    time_elapsed         | 1146       |
|    total_timesteps      | 20480      |
| train/                  |            |
|    approx_kl            | 0.02537246 |
|    clip_fraction        | 0.423      |
|    clip_range           | 0.2        |
|    entropy_loss         | -0.696     |
|    explained_variance   | 0.543      |
|    learning_rate        | 0.0003     |
|    loss                 | -0.007     |
|    n_updates            | 156        |
|    policy_gradient_loss | -0.0275    |
|    value_loss           | 0.00191    |
----------------------------------------

Training complete in 19.4 min. Model saved → C:\Users\phill\OneDrive\Desktop\GameTrainer\models\ppo_gridworld_vit\final_model.zip

Running final greedy evaluation (20 episodes)...

============================================================
M3 VERDICT: FAIL
============================================================
  Live random baseline:   +0.04 reward/episode
  Trained mean reward:    -1.00 reward/episode
  [FAIL] beats baseline by >= 0.40  (needs >= +0.44)
  [FAIL] reaches goal in most episodes  (0%, needs >= 80%)
  [PASS] reset()/step() shapes unchanged from M2
  Mean steps to finish:   100.0  (shortest possible is 8)
  Wall-clock training:    19.4 min for 20,000 steps
============================================================
Below the bar. The honest fixes, in order (see docs/m3/M3_ToDo.md):
  train longer (--steps 40000) -> unfreeze the last ViT block -> shrink the image.
Do NOT start editing PPO.
