============================================================
GAMETRAINER — M3: Add the Eyes (pixels-only GridWorld)
============================================================

Contract check: OK — reset() -> 2-tuple, step() -> 5-tuple, obs in space

Measuring live random baseline over 50 episodes...
  Live random baseline: +0.48 reward/episode

The M3 finish line (all three required to PASS):
  1. Trained reward >= +0.88  (live baseline +0.48  +  0.40 margin)
  2. Reaches the goal in >= 80% of 20 greedy episodes
  3. reset() -> 2-tuple and step() -> 5-tuple, unchanged from M2

Training PPO on pixels for 20,000 timesteps...
Using cpu device
Wrapping the env in a VecTransposeImage.

============================================================
VISION TRANSFORMER FEATURE EXTRACTOR
============================================================
  Model: vit_tiny_patch16_224
  Pretrained: True
  Output features: 192
  Backbone frozen: True
  Total parameters: 5,524,416
  Trainable parameters: 0 (backbone frozen)
============================================================

---------------------------------
| rollout/           |          |
|    ep_len_mean     | 16.7     |
|    ep_rew_mean     | 0.371    |
| time/              |          |
|    fps             | 81       |
|    iterations      | 1        |
|    time_elapsed    | 6        |
|    total_timesteps | 512      |
---------------------------------
----------------------------------------
| rollout/                |            |
|    ep_len_mean          | 15.6       |
|    ep_rew_mean          | 0.45       |
| time/                   |            |
|    fps                  | 33         |
|    iterations           | 2          |
|    time_elapsed         | 30         |
|    total_timesteps      | 1024       |
| train/                  |            |
|    approx_kl            | 0.00465978 |
|    clip_fraction        | 0          |
|    clip_range           | 0.2        |
|    entropy_loss         | -1.38      |
|    explained_variance   | -0.0252    |
|    learning_rate        | 0.0003     |
|    loss                 | 0.22       |
|    n_updates            | 4          |
|    policy_gradient_loss | -0.00225   |
|    value_loss           | 0.516      |
----------------------------------------
------------------------------------------
| rollout/                |              |
|    ep_len_mean          | 16.1         |
|    ep_rew_mean          | 0.44         |
| time/                   |              |
|    fps                  | 27           |
|    iterations           | 3            |
|    time_elapsed         | 54           |
|    total_timesteps      | 1536         |
| train/                  |              |
|    approx_kl            | 0.0147221545 |
|    clip_fraction        | 0.0825       |
|    clip_range           | 0.2          |
|    entropy_loss         | -1.36        |
|    explained_variance   | -0.00869     |
|    learning_rate        | 0.0003       |
|    loss                 | 0.208        |
|    n_updates            | 8            |
|    policy_gradient_loss | -0.00942     |
|    value_loss           | 0.467        |
------------------------------------------
------------------------------------------
| rollout/                |              |
|    ep_len_mean          | 15.8         |
|    ep_rew_mean          | 0.438        |
| time/                   |              |
|    fps                  | 25           |
|    iterations           | 4            |
|    time_elapsed         | 79           |
|    total_timesteps      | 2048         |
| train/                  |              |
|    approx_kl            | 0.0020645447 |
|    clip_fraction        | 0            |
|    clip_range           | 0.2          |
|    entropy_loss         | -1.34        |
|    explained_variance   | 0.00177      |
|    learning_rate        | 0.0003       |
|    loss                 | 0.128        |
|    n_updates            | 12           |
|    policy_gradient_loss | -0.000991    |
|    value_loss           | 0.205        |
------------------------------------------
------------------------------------------
| rollout/                |              |
|    ep_len_mean          | 16.7         |
|    ep_rew_mean          | 0.388        |
| time/                   |              |
|    fps                  | 24           |
|    iterations           | 5            |
|    time_elapsed         | 104          |
|    total_timesteps      | 2560         |
| train/                  |              |
|    approx_kl            | 0.0031703585 |
|    clip_fraction        | 0            |
|    clip_range           | 0.2          |
|    entropy_loss         | -1.34        |
|    explained_variance   | 0.000639     |
|    learning_rate        | 0.0003       |
|    loss                 | 0.0344       |
|    n_updates            | 16           |
|    policy_gradient_loss | -0.00161     |
|    value_loss           | 0.126        |
------------------------------------------
------------------------------------------
| rollout/                |              |
|    ep_len_mean          | 17.6         |
|    ep_rew_mean          | 0.319        |
| time/                   |              |
|    fps                  | 23           |
|    iterations           | 6            |
|    time_elapsed         | 129          |
|    total_timesteps      | 3072         |
| train/                  |              |
|    approx_kl            | 0.0046803607 |
|    clip_fraction        | 0.0288       |
|    clip_range           | 0.2          |
|    entropy_loss         | -1.35        |
|    explained_variance   | 0.0299       |
|    learning_rate        | 0.0003       |
|    loss                 | 0.0622       |
|    n_updates            | 20           |
|    policy_gradient_loss | -0.00389     |
|    value_loss           | 0.118        |
------------------------------------------
-------------------------------------------
| rollout/                |               |
|    ep_len_mean          | 17.7          |
|    ep_rew_mean          | 0.307         |
| time/                   |               |
|    fps                  | 23            |
|    iterations           | 7             |
|    time_elapsed         | 152           |
|    total_timesteps      | 3584          |
| train/                  |               |
|    approx_kl            | 0.00044816697 |
|    clip_fraction        | 0             |
|    clip_range           | 0.2           |
|    entropy_loss         | -1.35         |
|    explained_variance   | -0.000699     |
|    learning_rate        | 0.0003        |
|    loss                 | 0.0267        |
|    n_updates            | 24            |
|    policy_gradient_loss | 7.64e-06      |
|    value_loss           | 0.0554        |
-------------------------------------------
-----------------------------------------
| rollout/                |             |
|    ep_len_mean          | 17.6        |
|    ep_rew_mean          | 0.36        |
| time/                   |             |
|    fps                  | 23          |
|    iterations           | 8           |
|    time_elapsed         | 175         |
|    total_timesteps      | 4096        |
| train/                  |             |
|    approx_kl            | 0.014308363 |
|    clip_fraction        | 0.0596      |
|    clip_range           | 0.2         |
|    entropy_loss         | -1.36       |
|    explained_variance   | -0.00334    |
|    learning_rate        | 0.0003      |
|    loss                 | 0.0366      |
|    n_updates            | 28          |
|    policy_gradient_loss | -0.0048     |
|    value_loss           | 0.0897      |
-----------------------------------------
------------------------------------------
| rollout/                |              |
|    ep_len_mean          | 16.9         |
|    ep_rew_mean          | 0.407        |
| time/                   |              |
|    fps                  | 23           |
|    iterations           | 9            |
|    time_elapsed         | 199          |
|    total_timesteps      | 4608         |
| train/                  |              |
|    approx_kl            | 0.0062503354 |
|    clip_fraction        | 0.0176       |
|    clip_range           | 0.2          |
|    entropy_loss         | -1.36        |
|    explained_variance   | 0.0304       |
|    learning_rate        | 0.0003       |
|    loss                 | 0.0317       |
|    n_updates            | 32           |
|    policy_gradient_loss | -0.00431     |
|    value_loss           | 0.103        |
------------------------------------------
-----------------------------------------
| rollout/                |             |
|    ep_len_mean          | 16.7        |
|    ep_rew_mean          | 0.428       |
| time/                   |             |
|    fps                  | 22          |
|    iterations           | 10          |
|    time_elapsed         | 223         |
|    total_timesteps      | 5120        |
| train/                  |             |
|    approx_kl            | 0.008864624 |
|    clip_fraction        | 0.0498      |
|    clip_range           | 0.2         |
|    entropy_loss         | -1.37       |
|    explained_variance   | 0.0838      |
|    learning_rate        | 0.0003      |
|    loss                 | 0.0333      |
|    n_updates            | 36          |
|    policy_gradient_loss | -0.00513    |
|    value_loss           | 0.0729      |
-----------------------------------------
-------------------------------------------
| rollout/                |               |
|    ep_len_mean          | 16.8          |
|    ep_rew_mean          | 0.397         |
| time/                   |               |
|    fps                  | 22            |
|    iterations           | 11            |
|    time_elapsed         | 246           |
|    total_timesteps      | 5632          |
| train/                  |               |
|    approx_kl            | 0.00076786836 |
|    clip_fraction        | 0             |
|    clip_range           | 0.2           |
|    entropy_loss         | -1.36         |
|    explained_variance   | -0.0359       |
|    learning_rate        | 0.0003        |
|    loss                 | 0.0213        |
|    n_updates            | 40            |
|    policy_gradient_loss | 0.000491      |
|    value_loss           | 0.0484        |
-------------------------------------------
------------------------------------------
| rollout/                |              |
|    ep_len_mean          | 16.6         |
|    ep_rew_mean          | 0.409        |
| time/                   |              |
|    fps                  | 21           |
|    iterations           | 12           |
|    time_elapsed         | 282          |
|    total_timesteps      | 6144         |
| train/                  |              |
|    approx_kl            | 0.0045131515 |
|    clip_fraction        | 0.0376       |
|    clip_range           | 0.2          |
|    entropy_loss         | -1.36        |
|    explained_variance   | 0.051        |
|    learning_rate        | 0.0003       |
|    loss                 | -0.00101     |
|    n_updates            | 44           |
|    policy_gradient_loss | -0.00396     |
|    value_loss           | 0.0444       |
------------------------------------------
-----------------------------------------
| rollout/                |             |
|    ep_len_mean          | 15          |
|    ep_rew_mean          | 0.517       |
| time/                   |             |
|    fps                  | 21          |
|    iterations           | 13          |
|    time_elapsed         | 313         |
|    total_timesteps      | 6656        |
| train/                  |             |
|    approx_kl            | 0.013297244 |
|    clip_fraction        | 0.104       |
|    clip_range           | 0.2         |
|    entropy_loss         | -1.37       |
|    explained_variance   | 0.00945     |
|    learning_rate        | 0.0003      |
|    loss                 | 0.0122      |
|    n_updates            | 48          |
|    policy_gradient_loss | -0.0116     |
|    value_loss           | 0.0535      |
-----------------------------------------
-----------------------------------------
| rollout/                |             |
|    ep_len_mean          | 13.7        |
|    ep_rew_mean          | 0.57        |
| time/                   |             |
|    fps                  | 20          |
|    iterations           | 14          |
|    time_elapsed         | 344         |
|    total_timesteps      | 7168        |
| train/                  |             |
|    approx_kl            | 0.008406474 |
|    clip_fraction        | 0.0488      |
|    clip_range           | 0.2         |
|    entropy_loss         | -1.37       |
|    explained_variance   | 0.0355      |
|    learning_rate        | 0.0003      |
|    loss                 | 0.0288      |
|    n_updates            | 52          |
|    policy_gradient_loss | -0.0097     |
|    value_loss           | 0.046       |
-----------------------------------------
-----------------------------------------
| rollout/                |             |
|    ep_len_mean          | 13.6        |
|    ep_rew_mean          | 0.631       |
| time/                   |             |
|    fps                  | 20          |
|    iterations           | 15          |
|    time_elapsed         | 378         |
|    total_timesteps      | 7680        |
| train/                  |             |
|    approx_kl            | 0.010851836 |
|    clip_fraction        | 0.126       |
|    clip_range           | 0.2         |
|    entropy_loss         | -1.37       |
|    explained_variance   | 0.0557      |
|    learning_rate        | 0.0003      |
|    loss                 | 0.0177      |
|    n_updates            | 56          |
|    policy_gradient_loss | -0.00771    |
|    value_loss           | 0.0336      |
-----------------------------------------
------------------------------------------
| rollout/                |              |
|    ep_len_mean          | 13.3         |
|    ep_rew_mean          | 0.645        |
| time/                   |              |
|    fps                  | 20           |
|    iterations           | 16           |
|    time_elapsed         | 408          |
|    total_timesteps      | 8192         |
| train/                  |              |
|    approx_kl            | 0.0064159334 |
|    clip_fraction        | 0.117        |
|    clip_range           | 0.2          |
|    entropy_loss         | -1.36        |
|    explained_variance   | 0.0783       |
|    learning_rate        | 0.0003       |
|    loss                 | -0.0197      |
|    n_updates            | 60           |
|    policy_gradient_loss | -0.0139      |
|    value_loss           | 0.0284       |
------------------------------------------
-----------------------------------------
| rollout/                |             |
|    ep_len_mean          | 12.5        |
|    ep_rew_mean          | 0.713       |
| time/                   |             |
|    fps                  | 19          |
|    iterations           | 17          |
|    time_elapsed         | 443         |
|    total_timesteps      | 8704        |
| train/                  |             |
|    approx_kl            | 0.008581093 |
|    clip_fraction        | 0.062       |
|    clip_range           | 0.2         |
|    entropy_loss         | -1.35       |
|    explained_variance   | 0.102       |
|    learning_rate        | 0.0003      |
|    loss                 | -0.00973    |
|    n_updates            | 64          |
|    policy_gradient_loss | -0.00961    |
|    value_loss           | 0.0222      |
-----------------------------------------
-----------------------------------------
| rollout/                |             |
|    ep_len_mean          | 11.9        |
|    ep_rew_mean          | 0.749       |
| time/                   |             |
|    fps                  | 19          |
|    iterations           | 18          |
|    time_elapsed         | 474         |
|    total_timesteps      | 9216        |
| train/                  |             |
|    approx_kl            | 0.007253222 |
|    clip_fraction        | 0.15        |
|    clip_range           | 0.2         |
|    entropy_loss         | -1.34       |
|    explained_variance   | 0.128       |
|    learning_rate        | 0.0003      |
|    loss                 | -0.0145     |
|    n_updates            | 68          |
|    policy_gradient_loss | -0.014      |
|    value_loss           | 0.0225      |
-----------------------------------------
-----------------------------------------
| rollout/                |             |
|    ep_len_mean          | 10.1        |
|    ep_rew_mean          | 0.818       |
| time/                   |             |
|    fps                  | 19          |
|    iterations           | 19          |
|    time_elapsed         | 507         |
|    total_timesteps      | 9728        |
| train/                  |             |
|    approx_kl            | 0.006572242 |
|    clip_fraction        | 0.119       |
|    clip_range           | 0.2         |
|    entropy_loss         | -1.33       |
|    explained_variance   | 0.0529      |
|    learning_rate        | 0.0003      |
|    loss                 | -0.0214     |
|    n_updates            | 72          |
|    policy_gradient_loss | -0.0158     |
|    value_loss           | 0.0199      |
-----------------------------------------
-----------------------------------------
| rollout/                |             |
|    ep_len_mean          | 8.99        |
|    ep_rew_mean          | 0.859       |
| time/                   |             |
|    fps                  | 19          |
|    iterations           | 20          |
|    time_elapsed         | 536         |
|    total_timesteps      | 10240       |
| train/                  |             |
|    approx_kl            | 0.010502482 |
|    clip_fraction        | 0.124       |
|    clip_range           | 0.2         |
|    entropy_loss         | -1.31       |
|    explained_variance   | 0.0991      |
|    learning_rate        | 0.0003      |
|    loss                 | -0.0171     |
|    n_updates            | 76          |
|    policy_gradient_loss | -0.016      |
|    value_loss           | 0.0197      |
-----------------------------------------
-----------------------------------------
| rollout/                |             |
|    ep_len_mean          | 8.18        |
|    ep_rew_mean          | 0.918       |
| time/                   |             |
|    fps                  | 19          |
|    iterations           | 21          |
|    time_elapsed         | 562         |
|    total_timesteps      | 10752       |
| train/                  |             |
|    approx_kl            | 0.014594832 |
|    clip_fraction        | 0.185       |
|    clip_range           | 0.2         |
|    entropy_loss         | -1.29       |
|    explained_variance   | 0.0196      |
|    learning_rate        | 0.0003      |
|    loss                 | -0.00568    |
|    n_updates            | 80          |
|    policy_gradient_loss | -0.0181     |
|    value_loss           | 0.0156      |
-----------------------------------------
------------------------------------------
| rollout/                |              |
|    ep_len_mean          | 7.16         |
|    ep_rew_mean          | 0.928        |
| time/                   |              |
|    fps                  | 19           |
|    iterations           | 22           |
|    time_elapsed         | 588          |
|    total_timesteps      | 11264        |
| train/                  |              |
|    approx_kl            | 0.0056491834 |
|    clip_fraction        | 0.12         |
|    clip_range           | 0.2          |
|    entropy_loss         | -1.27        |
|    explained_variance   | 0.192        |
|    learning_rate        | 0.0003       |
|    loss                 | -0.0323      |
|    n_updates            | 84           |
|    policy_gradient_loss | -0.00548     |
|    value_loss           | 0.00759      |
------------------------------------------
-----------------------------------------
| rollout/                |             |
|    ep_len_mean          | 7.28        |
|    ep_rew_mean          | 0.917       |
| time/                   |             |
|    fps                  | 19          |
|    iterations           | 23          |
|    time_elapsed         | 613         |
|    total_timesteps      | 11776       |
| train/                  |             |
|    approx_kl            | 0.011307096 |
|    clip_fraction        | 0.116       |
|    clip_range           | 0.2         |
|    entropy_loss         | -1.23       |
|    explained_variance   | 0.125       |
|    learning_rate        | 0.0003      |
|    loss                 | -0.0214     |
|    n_updates            | 88          |
|    policy_gradient_loss | -0.0167     |
|    value_loss           | 0.00782     |
-----------------------------------------
---------------------------------------
| rollout/                |           |
|    ep_len_mean          | 6.26      |
|    ep_rew_mean          | 0.937     |
| time/                   |           |
|    fps                  | 19        |
|    iterations           | 24        |
|    time_elapsed         | 638       |
|    total_timesteps      | 12288     |
| train/                  |           |
|    approx_kl            | 0.0140552 |
|    clip_fraction        | 0.201     |
|    clip_range           | 0.2       |
|    entropy_loss         | -1.21     |
|    explained_variance   | 0.118     |
|    learning_rate        | 0.0003    |
|    loss                 | -0.0279   |
|    n_updates            | 92        |
|    policy_gradient_loss | -0.0178   |
|    value_loss           | 0.00769   |
---------------------------------------
-----------------------------------------
| rollout/                |             |
|    ep_len_mean          | 6.71        |
|    ep_rew_mean          | 0.933       |
| time/                   |             |
|    fps                  | 19          |
|    iterations           | 25          |
|    time_elapsed         | 662         |
|    total_timesteps      | 12800       |
| train/                  |             |
|    approx_kl            | 0.023183718 |
|    clip_fraction        | 0.197       |
|    clip_range           | 0.2         |
|    entropy_loss         | -1.17       |
|    explained_variance   | 0.244       |
|    learning_rate        | 0.0003      |
|    loss                 | -0.023      |
|    n_updates            | 96          |
|    policy_gradient_loss | -0.011      |
|    value_loss           | 0.00651     |
-----------------------------------------
-----------------------------------------
| rollout/                |             |
|    ep_len_mean          | 5.86        |
|    ep_rew_mean          | 0.951       |
| time/                   |             |
|    fps                  | 19          |
|    iterations           | 26          |
|    time_elapsed         | 689         |
|    total_timesteps      | 13312       |
| train/                  |             |
|    approx_kl            | 0.011695137 |
|    clip_fraction        | 0.233       |
|    clip_range           | 0.2         |
|    entropy_loss         | -1.14       |
|    explained_variance   | 0.186       |
|    learning_rate        | 0.0003      |
|    loss                 | -0.0397     |
|    n_updates            | 100         |
|    policy_gradient_loss | -0.0177     |
|    value_loss           | 0.00533     |
-----------------------------------------
-----------------------------------------
| rollout/                |             |
|    ep_len_mean          | 5.01        |
|    ep_rew_mean          | 0.96        |
| time/                   |             |
|    fps                  | 19          |
|    iterations           | 27          |
|    time_elapsed         | 718         |
|    total_timesteps      | 13824       |
| train/                  |             |
|    approx_kl            | 0.015202216 |
|    clip_fraction        | 0.161       |
|    clip_range           | 0.2         |
|    entropy_loss         | -1.09       |
|    explained_variance   | 0.132       |
|    learning_rate        | 0.0003      |
|    loss                 | -0.0232     |
|    n_updates            | 104         |
|    policy_gradient_loss | -0.0202     |
|    value_loss           | 0.00391     |
-----------------------------------------
-----------------------------------------
| rollout/                |             |
|    ep_len_mean          | 4.79        |
|    ep_rew_mean          | 0.962       |
| time/                   |             |
|    fps                  | 19          |
|    iterations           | 28          |
|    time_elapsed         | 752         |
|    total_timesteps      | 14336       |
| train/                  |             |
|    approx_kl            | 0.009661535 |
|    clip_fraction        | 0.195       |
|    clip_range           | 0.2         |
|    entropy_loss         | -1.05       |
|    explained_variance   | 0.216       |
|    learning_rate        | 0.0003      |
|    loss                 | -0.0177     |
|    n_updates            | 108         |
|    policy_gradient_loss | -0.0167     |
|    value_loss           | 0.00376     |
-----------------------------------------
----------------------------------------
| rollout/                |            |
|    ep_len_mean          | 3.63       |
|    ep_rew_mean          | 0.974      |
| time/                   |            |
|    fps                  | 18         |
|    iterations           | 29         |
|    time_elapsed         | 785        |
|    total_timesteps      | 14848      |
| train/                  |            |
|    approx_kl            | 0.01271902 |
|    clip_fraction        | 0.205      |
|    clip_range           | 0.2        |
|    entropy_loss         | -1.01      |
|    explained_variance   | 0.142      |
|    learning_rate        | 0.0003     |
|    loss                 | -0.0246    |
|    n_updates            | 112        |
|    policy_gradient_loss | -0.014     |
|    value_loss           | 0.00371    |
----------------------------------------
------------------------------------------
| rollout/                |              |
|    ep_len_mean          | 3.83         |
|    ep_rew_mean          | 0.972        |
| time/                   |              |
|    fps                  | 18           |
|    iterations           | 30           |
|    time_elapsed         | 820          |
|    total_timesteps      | 15360        |
| train/                  |              |
|    approx_kl            | 0.0059457175 |
|    clip_fraction        | 0.101        |
|    clip_range           | 0.2          |
|    entropy_loss         | -0.944       |
|    explained_variance   | 0.412        |
|    learning_rate        | 0.0003       |
|    loss                 | -0.016       |
|    n_updates            | 116          |
|    policy_gradient_loss | -0.0137      |
|    value_loss           | 0.000922     |
------------------------------------------
-----------------------------------------
| rollout/                |             |
|    ep_len_mean          | 3.71        |
|    ep_rew_mean          | 0.973       |
| time/                   |             |
|    fps                  | 18          |
|    iterations           | 31          |
|    time_elapsed         | 854         |
|    total_timesteps      | 15872       |
| train/                  |             |
|    approx_kl            | 0.007266367 |
|    clip_fraction        | 0.134       |
|    clip_range           | 0.2         |
|    entropy_loss         | -0.896      |
|    explained_variance   | 0.312       |
|    learning_rate        | 0.0003      |
|    loss                 | -0.0582     |
|    n_updates            | 120         |
|    policy_gradient_loss | -0.0211     |
|    value_loss           | 0.000982    |
-----------------------------------------
-----------------------------------------
| rollout/                |             |
|    ep_len_mean          | 3.07        |
|    ep_rew_mean          | 0.979       |
| time/                   |             |
|    fps                  | 18          |
|    iterations           | 32          |
|    time_elapsed         | 895         |
|    total_timesteps      | 16384       |
| train/                  |             |
|    approx_kl            | 0.005836741 |
|    clip_fraction        | 0.112       |
|    clip_range           | 0.2         |
|    entropy_loss         | -0.851      |
|    explained_variance   | 0.394       |
|    learning_rate        | 0.0003      |
|    loss                 | -0.0363     |
|    n_updates            | 124         |
|    policy_gradient_loss | -0.0157     |
|    value_loss           | 0.000748    |
-----------------------------------------
-----------------------------------------
| rollout/                |             |
|    ep_len_mean          | 3.08        |
|    ep_rew_mean          | 0.979       |
| time/                   |             |
|    fps                  | 18          |
|    iterations           | 33          |
|    time_elapsed         | 927         |
|    total_timesteps      | 16896       |
| train/                  |             |
|    approx_kl            | 0.012866497 |
|    clip_fraction        | 0.153       |
|    clip_range           | 0.2         |
|    entropy_loss         | -0.803      |
|    explained_variance   | 0.439       |
|    learning_rate        | 0.0003      |
|    loss                 | 0.019       |
|    n_updates            | 128         |
|    policy_gradient_loss | -0.00722    |
|    value_loss           | 0.0007      |
-----------------------------------------
----------------------------------------
| rollout/                |            |
|    ep_len_mean          | 3.31       |
|    ep_rew_mean          | 0.977      |
| time/                   |            |
|    fps                  | 18         |
|    iterations           | 34         |
|    time_elapsed         | 956        |
|    total_timesteps      | 17408      |
| train/                  |            |
|    approx_kl            | 0.01433636 |
|    clip_fraction        | 0.162      |
|    clip_range           | 0.2        |
|    entropy_loss         | -0.746     |
|    explained_variance   | 0.46       |
|    learning_rate        | 0.0003     |
|    loss                 | 0.0525     |
|    n_updates            | 132        |
|    policy_gradient_loss | 0.00533    |
|    value_loss           | 0.000426   |
----------------------------------------
-----------------------------------------
| rollout/                |             |
|    ep_len_mean          | 3.03        |
|    ep_rew_mean          | 0.98        |
| time/                   |             |
|    fps                  | 18          |
|    iterations           | 35          |
|    time_elapsed         | 984         |
|    total_timesteps      | 17920       |
| train/                  |             |
|    approx_kl            | 0.011402007 |
|    clip_fraction        | 0.175       |
|    clip_range           | 0.2         |
|    entropy_loss         | -0.715      |
|    explained_variance   | 0.492       |
|    learning_rate        | 0.0003      |
|    loss                 | -0.0231     |
|    n_updates            | 136         |
|    policy_gradient_loss | -0.00344    |
|    value_loss           | 0.00045     |
-----------------------------------------
-----------------------------------------
| rollout/                |             |
|    ep_len_mean          | 3.09        |
|    ep_rew_mean          | 0.979       |
| time/                   |             |
|    fps                  | 18          |
|    iterations           | 36          |
|    time_elapsed         | 1014        |
|    total_timesteps      | 18432       |
| train/                  |             |
|    approx_kl            | 0.022025513 |
|    clip_fraction        | 0.148       |
|    clip_range           | 0.2         |
|    entropy_loss         | -0.677      |
|    explained_variance   | 0.466       |
|    learning_rate        | 0.0003      |
|    loss                 | -0.0359     |
|    n_updates            | 140         |
|    policy_gradient_loss | -0.00888    |
|    value_loss           | 0.000569    |
-----------------------------------------
-----------------------------------------
| rollout/                |             |
|    ep_len_mean          | 3.11        |
|    ep_rew_mean          | 0.979       |
| time/                   |             |
|    fps                  | 18          |
|    iterations           | 37          |
|    time_elapsed         | 1043        |
|    total_timesteps      | 18944       |
| train/                  |             |
|    approx_kl            | 0.011099718 |
|    clip_fraction        | 0.208       |
|    clip_range           | 0.2         |
|    entropy_loss         | -0.668      |
|    explained_variance   | 0.433       |
|    learning_rate        | 0.0003      |
|    loss                 | -0.0496     |
|    n_updates            | 144         |
|    policy_gradient_loss | -0.0195     |
|    value_loss           | 0.00057     |
-----------------------------------------
-----------------------------------------
| rollout/                |             |
|    ep_len_mean          | 2.85        |
|    ep_rew_mean          | 0.982       |
| time/                   |             |
|    fps                  | 18          |
|    iterations           | 38          |
|    time_elapsed         | 1073        |
|    total_timesteps      | 19456       |
| train/                  |             |
|    approx_kl            | 0.020315547 |
|    clip_fraction        | 0.188       |
|    clip_range           | 0.2         |
|    entropy_loss         | -0.595      |
|    explained_variance   | 0.452       |
|    learning_rate        | 0.0003      |
|    loss                 | -0.0124     |
|    n_updates            | 148         |
|    policy_gradient_loss | 0.00605     |
|    value_loss           | 0.000497    |
-----------------------------------------
-----------------------------------------
| rollout/                |             |
|    ep_len_mean          | 2.94        |
|    ep_rew_mean          | 0.981       |
| time/                   |             |
|    fps                  | 18          |
|    iterations           | 39          |
|    time_elapsed         | 1102        |
|    total_timesteps      | 19968       |
| train/                  |             |
|    approx_kl            | 0.012738762 |
|    clip_fraction        | 0.0952      |
|    clip_range           | 0.2         |
|    entropy_loss         | -0.545      |
|    explained_variance   | 0.572       |
|    learning_rate        | 0.0003      |
|    loss                 | -0.0168     |
|    n_updates            | 152         |
|    policy_gradient_loss | -0.0129     |
|    value_loss           | 0.000294    |
-----------------------------------------
----------------------------------------
| rollout/                |            |
|    ep_len_mean          | 3.1        |
|    ep_rew_mean          | 0.979      |
| time/                   |            |
|    fps                  | 18         |
|    iterations           | 40         |
|    time_elapsed         | 1131       |
|    total_timesteps      | 20480      |
| train/                  |            |
|    approx_kl            | 0.02370724 |
|    clip_fraction        | 0.186      |
|    clip_range           | 0.2        |
|    entropy_loss         | -0.527     |
|    explained_variance   | 0.619      |
|    learning_rate        | 0.0003     |
|    loss                 | 0.0274     |
|    n_updates            | 156        |
|    policy_gradient_loss | -0.00495   |
|    value_loss           | 0.000253   |
----------------------------------------

Training complete in 19.2 min. Model saved → C:\Users\phill\OneDrive\Desktop\GameTrainer\models\ppo_gridworld_vit\final_model.zip

Running final greedy evaluation (20 episodes)...

============================================================
M3 VERDICT: PASS
============================================================
  Live random baseline:   +0.48 reward/episode
  Trained mean reward:    +0.99 reward/episode
  [PASS] beats baseline by >= 0.40  (needs >= +0.88)
  [PASS] reaches goal in most episodes  (100%, needs >= 80%)
  [PASS] reset()/step() shapes unchanged from M2
  Mean steps to finish:   2.2  (shortest possible is 8)
  Wall-clock training:    19.2 min for 20,000 steps
============================================================
